src/features/org-events/useCurrentBillingPlan.ts(17,34): error TS2304: Cannot find name 'createBrowserClient'.
